Build started 5.01.2026 21:45:05.
     1>Project "C:\Users\Classical\Documents\Visual Studio 2010\Projects\Teapot\Teapot\Teapot.vcxproj" on node 2 (build target(s)).
     1>InitializeBuildStatus:
         Creating "Release\Teapot.unsuccessfulbuild" because "AlwaysCreate" was specified.
       ClCompile:
         C:\Program Files (x86)\Microsoft Visual Studio 10.0\VC\bin\CL.exe /c /Zi /nologo /W3 /WX- /Ox /Oi /Oy- /GL /D "WIN32" /D NDEBUG /D "_WINDOWS" /D _MBCS /Gm- /EHsc /MT /GS /Gy /fp:precise /Zc:wchar_t /Zc:forScope /Fo"Release\\" /Fd"Release\vc100.pdb" /Gd /TP /analyze- /errorReport:prompt TeapotMain.cpp
         TeapotMain.cpp
     1>TeapotMain.cpp(16): warning C4996: 'fopen': This function or variable may be unsafe. Consider using fopen_s instead. To disable deprecation, use _CRT_SECURE_NO_WARNINGS. See online help for details.
                 C:\Program Files (x86)\Microsoft Visual Studio 10.0\VC\include\stdio.h(234) : see declaration of 'fopen'
     1>TeapotMain.cpp(17): warning C4996: 'fscanf': This function or variable may be unsafe. Consider using fscanf_s instead. To disable deprecation, use _CRT_SECURE_NO_WARNINGS. See online help for details.
                 C:\Program Files (x86)\Microsoft Visual Studio 10.0\VC\include\stdio.h(253) : see declaration of 'fscanf'
       ResourceCompile:
         All outputs are up-to-date.
       Link:
         C:\Program Files (x86)\Microsoft Visual Studio 10.0\VC\bin\link.exe /ERRORREPORT:PROMPT /OUT:"C:\Users\Classical\Documents\Visual Studio 2010\Projects\Teapot\Release\Teapot.exe" /INCREMENTAL:NO /NOLOGO kernel32.lib user32.lib gdi32.lib winspool.lib comdlg32.lib advapi32.lib shell32.lib ole32.lib oleaut32.lib uuid.lib odbc32.lib odbccp32.lib /MANIFEST:NO /DEBUG /PDB:"C:\Users\Classical\Documents\Visual Studio 2010\Projects\Teapot\Release\Teapot.pdb" /SUBSYSTEM:WINDOWS /OPT:REF /OPT:ICF /LTCG /TLBID:1 /DYNAMICBASE /NXCOMPAT /IMPLIB:"C:\Users\Classical\Documents\Visual Studio 2010\Projects\Teapot\Release\Teapot.lib" /MACHINE:X86 Release\Teapot.res
         Release\TeapotMain.obj
         Generating code
         Finished generating code
         Teapot.vcxproj -> C:\Users\Classical\Documents\Visual Studio 2010\Projects\Teapot\Release\Teapot.exe
       FinalizeBuildStatus:
         Deleting file "Release\Teapot.unsuccessfulbuild".
         Touching "Release\Teapot.lastbuildstate".
     1>Done Building Project "C:\Users\Classical\Documents\Visual Studio 2010\Projects\Teapot\Teapot\Teapot.vcxproj" (build target(s)).

Build succeeded.

Time Elapsed 00:00:01.96
