C:\USERS\CLASSICAL\DOCUMENTS\VISUAL STUDIO 2010\PROJECTS\TEAPOT\RELEASE\TEAPOT.EXE
C:\USERS\CLASSICAL\DOCUMENTS\VISUAL STUDIO 2010\PROJECTS\TEAPOT\RELEASE\TEAPOT.PDB
C:\USERS\CLASSICAL\DOCUMENTS\VISUAL STUDIO 2010\PROJECTS\TEAPOT\TEAPOT\RELEASE\TEAPOT.RES
C:\USERS\CLASSICAL\DOCUMENTS\VISUAL STUDIO 2010\PROJECTS\TEAPOT\TEAPOT\RELEASE\TEAPOTMAIN.OBJ
C:\USERS\CLASSICAL\DOCUMENTS\VISUAL STUDIO 2010\PROJECTS\TEAPOT\TEAPOT\RELEASE\VC100.PDB
C:\Users\Classical\Documents\Visual Studio 2010\Projects\Teapot\Release\Teapot.pdb
C:\Users\Classical\Documents\Visual Studio 2010\Projects\Teapot\Teapot\Release\cl.command.1.tlog
C:\Users\Classical\Documents\Visual Studio 2010\Projects\Teapot\Teapot\Release\CL.read.1.tlog
C:\Users\Classical\Documents\Visual Studio 2010\Projects\Teapot\Teapot\Release\CL.write.1.tlog
C:\Users\Classical\Documents\Visual Studio 2010\Projects\Teapot\Teapot\Release\link.command.1.tlog
C:\Users\Classical\Documents\Visual Studio 2010\Projects\Teapot\Teapot\Release\link.read.1.tlog
C:\Users\Classical\Documents\Visual Studio 2010\Projects\Teapot\Teapot\Release\link.write.1.tlog
C:\Users\Classical\Documents\Visual Studio 2010\Projects\Teapot\Teapot\Release\link-cvtres.read.1.tlog
C:\Users\Classical\Documents\Visual Studio 2010\Projects\Teapot\Teapot\Release\link-cvtres.write.1.tlog
C:\Users\Classical\Documents\Visual Studio 2010\Projects\Teapot\Teapot\Release\rc.command.1.tlog
C:\Users\Classical\Documents\Visual Studio 2010\Projects\Teapot\Teapot\Release\rc.read.1.tlog
C:\Users\Classical\Documents\Visual Studio 2010\Projects\Teapot\Teapot\Release\rc.write.1.tlog
C:\Users\Classical\Documents\Visual Studio 2010\Projects\Teapot\Teapot\Release\Teapot.res
C:\Users\Classical\Documents\Visual Studio 2010\Projects\Teapot\Teapot\Release\Teapot.write.1.tlog
C:\Users\Classical\Documents\Visual Studio 2010\Projects\Teapot\Teapot\Release\TeapotMain.obj
C:\Users\Classical\Documents\Visual Studio 2010\Projects\Teapot\Teapot\Release\vc100.pdb
