Build started 5.01.2026 22:33:07.
     1>Project "C:\Users\Classical\Documents\Visual Studio 2010\Projects\Software\Software\Software.vcxproj" on node 2 (build target(s)).
     1>InitializeBuildStatus:
         Creating "Release\Software.unsuccessfulbuild" because "AlwaysCreate" was specified.
       ClCompile:
         C:\Program Files (x86)\Microsoft Visual Studio 10.0\VC\bin\CL.exe /c /Zi /nologo /W3 /WX- /Ox /Oi /Oy- /GL /D "WIN32" /D NDEBUG /D "_WINDOWS" /D _USRDLL /D SOFTWARE_EXPORTS /D "_WINDLL" /D _MBCS /Gm- /EHsc /MT /GS /Gy /fp:precise /Zc:wchar_t /Zc:forScope /Fo"Release\\" /Fd"Release\vc100.pdb" /Gd /TP /analyze- /errorReport:prompt SoftwareRenderer.cpp
         SoftwareRenderer.cpp
     1>SoftwareRenderer.cpp(43): warning C4244: 'initializing' : conversion from 'float' to 'unsigned int', possible loss of data
     1>SoftwareRenderer.cpp(44): warning C4244: 'initializing' : conversion from 'float' to 'unsigned int', possible loss of data
     1>SoftwareRenderer.cpp(45): warning C4244: 'initializing' : conversion from 'float' to 'unsigned int', possible loss of data
     1>SoftwareRenderer.cpp(58): warning C4996: 'fopen': This function or variable may be unsafe. Consider using fopen_s instead. To disable deprecation, use _CRT_SECURE_NO_WARNINGS. See online help for details.
                 C:\Program Files (x86)\Microsoft Visual Studio 10.0\VC\include\stdio.h(234) : see declaration of 'fopen'
     1>SoftwareRenderer.cpp(93): warning C4996: 'fopen': This function or variable may be unsafe. Consider using fopen_s instead. To disable deprecation, use _CRT_SECURE_NO_WARNINGS. See online help for details.
                 C:\Program Files (x86)\Microsoft Visual Studio 10.0\VC\include\stdio.h(234) : see declaration of 'fopen'
     1>SoftwareRenderer.cpp(228): warning C4996: 'sprintf': This function or variable may be unsafe. Consider using sprintf_s instead. To disable deprecation, use _CRT_SECURE_NO_WARNINGS. See online help for details.
                 C:\Program Files (x86)\Microsoft Visual Studio 10.0\VC\include\stdio.h(371) : see declaration of 'sprintf'
     1>SoftwareRenderer.cpp(229): warning C4996: 'sprintf': This function or variable may be unsafe. Consider using sprintf_s instead. To disable deprecation, use _CRT_SECURE_NO_WARNINGS. See online help for details.
                 C:\Program Files (x86)\Microsoft Visual Studio 10.0\VC\include\stdio.h(371) : see declaration of 'sprintf'
       Link:
         C:\Program Files (x86)\Microsoft Visual Studio 10.0\VC\bin\link.exe /ERRORREPORT:PROMPT /OUT:"C:\Users\Classical\Documents\Visual Studio 2010\Projects\Software\Release\Software.dll" /INCREMENTAL:NO /NOLOGO kernel32.lib user32.lib gdi32.lib winspool.lib comdlg32.lib advapi32.lib shell32.lib ole32.lib oleaut32.lib uuid.lib odbc32.lib odbccp32.lib /MANIFEST:NO /DEBUG /PDB:"C:\Users\Classical\Documents\Visual Studio 2010\Projects\Software\Release\Software.pdb" /SUBSYSTEM:WINDOWS /OPT:REF /OPT:ICF /LTCG /TLBID:1 /DYNAMICBASE /NXCOMPAT /IMPLIB:"C:\Users\Classical\Documents\Visual Studio 2010\Projects\Software\Release\Software.lib" /MACHINE:X86 /DLL Release\SoftwareRenderer.obj
            Creating library C:\Users\Classical\Documents\Visual Studio 2010\Projects\Software\Release\Software.lib and object C:\Users\Classical\Documents\Visual Studio 2010\Projects\Software\Release\Software.exp
         Generating code
         Finished generating code
         Software.vcxproj -> C:\Users\Classical\Documents\Visual Studio 2010\Projects\Software\Release\Software.dll
       FinalizeBuildStatus:
         Deleting file "Release\Software.unsuccessfulbuild".
         Touching "Release\Software.lastbuildstate".
     1>Done Building Project "C:\Users\Classical\Documents\Visual Studio 2010\Projects\Software\Software\Software.vcxproj" (build target(s)).

Build succeeded.

Time Elapsed 00:00:02.35
